// Jest Snapshot v1, https://goo.gl/fbAQLP

exports[`Calculator should render 1`] = `
<div
  className="calculator-container"
/>
`;
